Reading the input SFF file(s)...
Generating the split SFF file(s)...
  MIDTI1:  10 reads written into the SFF file.
  MIDTI2:  15 reads written into the SFF file.
  MIDTI3:  13 reads written into the SFF file.
  MIDTI4:  11 reads written into the SFF file.
  MIDTI5:  18 reads written into the SFF file.
  MIDTI6:  6 reads written into the SFF file.
  MIDTI7:  7 reads written into the SFF file.
  MIDTI8:  12 reads written into the SFF file.
  MIDTI10:  17 reads written into the SFF file.
  MIDTI11:  7 reads written into the SFF file.
  MIDTI13:  13 reads written into the SFF file.
  MIDTI14:  10 reads written into the SFF file.
  MIDTI15:  7 reads written into the SFF file.
  MIDTI16:  15 reads written into the SFF file.
  MIDTI17:  12 reads written into the SFF file.
  MIDTI18:  9 reads written into the SFF file.
  MIDTI19:  5 reads written into the SFF file.
  MIDTI20:  2 reads written into the SFF file.
  MIDTI21:  18 reads written into the SFF file.
  MIDTI22:  12 reads written into the SFF file.
  MIDTI23:  12 reads written into the SFF file.
  MIDTI24:  13 reads written into the SFF file.
  MIDTI25:  16 reads written into the SFF file.
  MIDTI26:  16 reads written into the SFF file.
  MIDTI27:  14 reads written into the SFF file.
  MIDTI28:  13 reads written into the SFF file.
  MIDTI29:  12 reads written into the SFF file.
  MIDTI30:  6 reads written into the SFF file.
  MIDTI31:  15 reads written into the SFF file.
  MIDTI32:  10 reads written into the SFF file.
  MIDTI33:  19 reads written into the SFF file.
  MIDTI34:  12 reads written into the SFF file.
  MIDTI35:  16 reads written into the SFF file.
  MIDTI36:  12 reads written into the SFF file.
  MIDTI37:  10 reads written into the SFF file.
  MIDTI38:  17 reads written into the SFF file.
  MIDTI39:  11 reads written into the SFF file.
  MIDTI40:  0 reads found
  MIDTI41:  0 reads found
  MIDTI42:  0 reads found
  MIDTI43:  15 reads written into the SFF file.
  MIDTI44:  10 reads written into the SFF file.
  MIDTI45:  12 reads written into the SFF file.
  MIDTI46:  20 reads written into the SFF file.
