Reading the input SFF file(s)...
Generating the split SFF file(s)...
  MIDRL1:  10 reads written into the SFF file.
  MIDRL2:  10 reads written into the SFF file.
  MIDRL3:  7 reads written into the SFF file.
  MIDRL4:  11 reads written into the SFF file.
  MIDRL5:  11 reads written into the SFF file.
  MIDRL6:  5 reads written into the SFF file.
  MIDRL7:  7 reads written into the SFF file.
  MIDRL8:  11 reads written into the SFF file.
  MIDRL9:  7 reads written into the SFF file.
  MIDRL10:  7 reads written into the SFF file.
  MIDRL11:  6 reads written into the SFF file.
  MIDRL12:  9 reads written into the SFF file.
  MIDRL13:  8 reads written into the SFF file.
  MIDRL14:  15 reads written into the SFF file.
  MIDRL15:  7 reads written into the SFF file.
  MIDRL16:  22 reads written into the SFF file.
  MIDRL17:  7 reads written into the SFF file.
  MIDRL18:  11 reads written into the SFF file.
  MIDRL19:  10 reads written into the SFF file.
  MIDRL20:  17 reads written into the SFF file.
  MIDRL21:  9 reads written into the SFF file.
  MIDRL22:  7 reads written into the SFF file.
  MIDRL23:  10 reads written into the SFF file.
  MIDRL24:  5 reads written into the SFF file.
  MIDRL25:  4 reads written into the SFF file.
  MIDRL26:  9 reads written into the SFF file.
  MIDRL27:  14 reads written into the SFF file.
  MIDRL28:  8 reads written into the SFF file.
  MIDRL29:  9 reads written into the SFF file.
  MIDRL30:  4 reads written into the SFF file.
  MIDRL31:  9 reads written into the SFF file.
  MIDRL32:  7 reads written into the SFF file.
  MIDRL33:  3 reads written into the SFF file.
  MIDRL34:  7 reads written into the SFF file.
  MIDRL35:  11 reads written into the SFF file.
  MIDRL36:  6 reads written into the SFF file.
  MIDRL37:  8 reads written into the SFF file.
  MIDRL38:  12 reads written into the SFF file.
  MIDRL39:  11 reads written into the SFF file.
  MIDRL40:  10 reads written into the SFF file.
  MIDRL41:  5 reads written into the SFF file.
  MIDRL42:  15 reads written into the SFF file.
  MIDRL43:  9 reads written into the SFF file.
  MIDRL44:  9 reads written into the SFF file.
  MIDRL45:  9 reads written into the SFF file.
  MIDRL46:  9 reads written into the SFF file.
  MIDRL47:  13 reads written into the SFF file.
  MIDRL48:  14 reads written into the SFF file.
  MIDRL49:  9 reads written into the SFF file.
  MIDRL50:  26 reads written into the SFF file.
  MIDRL51:  20 reads written into the SFF file.
